\BOOKMARK [1][-]{section.1}{\376\377\000I\000n\000t\000r\000o\000d\000u\000c\000t\000i\000o\000n}{}% 1
\BOOKMARK [1][-]{section.2}{\376\377\000F\000r\000o\000m\000\040\000t\000h\000e\000\040\000o\000r\000i\000g\000i\000n\000a\000l\000\040\000L\000L\000M\000i\000n\000d\000\040\000s\000y\000s\000t\000e\000m\000\040\000t\000o\000\040\000L\000L\000M\000i\000n\000d\0002}{}% 2
\BOOKMARK [1][-]{section.3}{\376\377\000R\000e\000s\000e\000a\000r\000c\000h\000\040\000q\000u\000e\000s\000t\000i\000o\000n\000s}{}% 3
\BOOKMARK [1][-]{section.4}{\376\377\000B\000a\000c\000k\000g\000r\000o\000u\000n\000d}{}% 4
\BOOKMARK [2][-]{subsection.4.1}{\376\377\000L\000L\000M\000s\000\040\000a\000n\000d\000\040\000m\000e\000n\000t\000a\000l\000\040\000h\000e\000a\000l\000t\000h}{section.4}% 5
\BOOKMARK [2][-]{subsection.4.2}{\376\377\000I\000C\000D\000-\0001\0001\000,\000\040\000I\000C\000D\000-\0001\0001\000-\000C\000D\000D\000R\000,\000\040\000a\000n\000d\000\040\000D\000S\000M\000-\0005\000-\000T\000R}{section.4}% 6
\BOOKMARK [2][-]{subsection.4.3}{\376\377\000R\000e\000t\000r\000i\000e\000v\000a\000l\000-\000A\000u\000g\000m\000e\000n\000t\000e\000d\000\040\000G\000e\000n\000e\000r\000a\000t\000i\000o\000n\000\040\000a\000n\000d\000\040\000e\000x\000t\000e\000r\000n\000a\000l\000\040\000m\000e\000m\000o\000r\000y}{section.4}% 7
\BOOKMARK [2][-]{subsection.4.4}{\376\377\000C\000o\000n\000v\000e\000r\000s\000a\000t\000i\000o\000n\000a\000l\000\040\000a\000g\000e\000n\000t\000s\000\040\000a\000n\000d\000\040\000d\000e\000c\000o\000m\000p\000o\000s\000i\000t\000i\000o\000n\000\040\000o\000f\000\040\000r\000e\000a\000s\000o\000n\000i\000n\000g}{section.4}% 8
\BOOKMARK [1][-]{section.5}{\376\377\000M\000a\000t\000e\000r\000i\000a\000l\000s\000\040\000a\000n\000d\000\040\000s\000o\000u\000r\000c\000e\000s}{}% 9
\BOOKMARK [2][-]{subsection.5.1}{\376\377\000I\000C\000D\000-\0001\0001\000\040\000c\000o\000r\000p\000u\000s}{section.5}% 10
\BOOKMARK [2][-]{subsection.5.2}{\376\377\000I\000C\000D\000-\0001\0001\000-\000C\000D\000D\000R}{section.5}% 11
\BOOKMARK [2][-]{subsection.5.3}{\376\377\000D\000S\000M\000-\0005\000-\000T\000R\000\040\000c\000a\000s\000e\000s}{section.5}% 12
\BOOKMARK [2][-]{subsection.5.4}{\376\377\000S\000t\000a\000t\000i\000c\000\040\000a\000n\000d\000\040\000r\000e\000p\000r\000o\000d\000u\000c\000i\000b\000l\000e\000\040\000c\000o\000r\000p\000u\000s}{section.5}% 13
\BOOKMARK [2][-]{subsection.5.5}{\376\377\000N\000u\000m\000e\000r\000i\000c\000a\000l\000\040\000a\000r\000t\000i\000f\000a\000c\000t\000\040\000s\000n\000a\000p\000s\000h\000o\000t}{section.5}% 14
\BOOKMARK [1][-]{section.6}{\376\377\000R\000e\000s\000e\000a\000r\000c\000h\000\040\000s\000y\000s\000t\000e\000m\000\040\000d\000e\000s\000i\000g\000n}{}% 15
\BOOKMARK [2][-]{subsection.6.1}{\376\377\000D\000e\000s\000i\000g\000n\000\040\000p\000r\000i\000n\000c\000i\000p\000l\000e\000s}{section.6}% 16
\BOOKMARK [2][-]{subsection.6.2}{\376\377\000P\000l\000a\000n\000n\000e\000d\000\040\000a\000g\000e\000n\000t\000s}{section.6}% 17
\BOOKMARK [2][-]{subsection.6.3}{\376\377\000E\000x\000p\000e\000r\000i\000m\000e\000n\000t\000a\000l\000\040\000c\000o\000n\000d\000i\000t\000i\000o\000n\000s}{section.6}% 18
\BOOKMARK [1][-]{section.7}{\376\377\000R\000e\000p\000r\000o\000d\000u\000c\000i\000b\000i\000l\000i\000t\000y}{}% 19
\BOOKMARK [2][-]{subsection.7.1}{\376\377\000D\000a\000t\000a\000\040\000r\000e\000p\000r\000o\000d\000u\000c\000i\000b\000i\000l\000i\000t\000y}{section.7}% 20
\BOOKMARK [2][-]{subsection.7.2}{\376\377\000R\000e\000t\000r\000i\000e\000v\000a\000l\000\040\000a\000n\000d\000\040\000p\000r\000o\000m\000p\000t\000\040\000r\000e\000p\000r\000o\000d\000u\000c\000i\000b\000i\000l\000i\000t\000y}{section.7}% 21
\BOOKMARK [2][-]{subsection.7.3}{\376\377\000E\000n\000v\000i\000r\000o\000n\000m\000e\000n\000t\000\040\000r\000e\000p\000r\000o\000d\000u\000c\000i\000b\000i\000l\000i\000t\000y}{section.7}% 22
\BOOKMARK [2][-]{subsection.7.4}{\376\377\000E\000v\000a\000l\000u\000a\000t\000i\000o\000n\000\040\000r\000e\000p\000r\000o\000d\000u\000c\000i\000b\000i\000l\000i\000t\000y}{section.7}% 23
\BOOKMARK [1][-]{section.8}{\376\377\000E\000v\000a\000l\000u\000a\000t\000i\000o\000n\000\040\000p\000r\000o\000t\000o\000c\000o\000l}{}% 24
\BOOKMARK [2][-]{subsection.8.1}{\376\377\000E\000x\000p\000e\000r\000i\000m\000e\000n\000t\000a\000l\000\040\000t\000a\000s\000k\000s}{section.8}% 25
\BOOKMARK [2][-]{subsection.8.2}{\376\377\000A\000u\000t\000o\000m\000a\000t\000i\000c\000\040\000m\000e\000t\000r\000i\000c\000s}{section.8}% 26
\BOOKMARK [2][-]{subsection.8.3}{\376\377\000E\000x\000p\000e\000r\000t\000\040\000e\000v\000a\000l\000u\000a\000t\000i\000o\000n}{section.8}% 27
\BOOKMARK [2][-]{subsection.8.4}{\376\377\000E\000r\000r\000o\000r\000\040\000a\000n\000a\000l\000y\000s\000i\000s}{section.8}% 28
\BOOKMARK [1][-]{section.9}{\376\377\000H\000y\000p\000o\000t\000h\000e\000s\000e\000s}{}% 29
\BOOKMARK [1][-]{section.10}{\376\377\000E\000t\000h\000i\000c\000s\000\040\000a\000n\000d\000\040\000g\000o\000v\000e\000r\000n\000a\000n\000c\000e}{}% 30
\BOOKMARK [1][-]{section.11}{\376\377\000E\000x\000p\000e\000c\000t\000e\000d\000\040\000r\000e\000s\000u\000l\000t\000s\000\040\000a\000n\000d\000\040\000a\000n\000a\000l\000y\000s\000i\000s\000\040\000p\000l\000a\000n}{}% 31
\BOOKMARK [1][-]{section.12}{\376\377\000T\000h\000r\000e\000a\000t\000s\000\040\000t\000o\000\040\000v\000a\000l\000i\000d\000i\000t\000y}{}% 32
\BOOKMARK [2][-]{subsection.12.1}{\376\377\000I\000n\000t\000e\000r\000n\000a\000l\000\040\000v\000a\000l\000i\000d\000i\000t\000y}{section.12}% 33
\BOOKMARK [2][-]{subsection.12.2}{\376\377\000E\000x\000t\000e\000r\000n\000a\000l\000\040\000v\000a\000l\000i\000d\000i\000t\000y}{section.12}% 34
\BOOKMARK [2][-]{subsection.12.3}{\376\377\000C\000o\000n\000s\000t\000r\000u\000c\000t\000\040\000v\000a\000l\000i\000d\000i\000t\000y}{section.12}% 35
\BOOKMARK [2][-]{subsection.12.4}{\376\377\000C\000o\000n\000c\000l\000u\000s\000i\000o\000n\000\040\000v\000a\000l\000i\000d\000i\000t\000y}{section.12}% 36
\BOOKMARK [1][-]{section.13}{\376\377\000E\000x\000p\000e\000c\000t\000e\000d\000\040\000c\000o\000n\000t\000r\000i\000b\000u\000t\000i\000o\000n\000s}{}% 37
\BOOKMARK [1][-]{section.14}{\376\377\000C\000o\000n\000c\000l\000u\000s\000i\000o\000n}{}% 38
